../Core/Src/main.c:82:5:main	1
../Core/Src/main.c:134:6:SystemClock_Config	3
../Core/Src/main.c:181:13:MX_ADC1_Init	3
../Core/Src/main.c:240:13:MX_DAC1_Init	3
../Core/Src/main.c:283:13:MX_TIM3_Init	4
../Core/Src/main.c:328:13:MX_USART2_UART_Init	5
../Core/Src/main.c:374:13:MX_DMA_Init	1
../Core/Src/main.c:395:13:MX_GPIO_Init	1
../Core/Src/main.c:419:6:passa_metade_saida	2
../Core/Src/main.c:430:6:HAL_DAC_ConvCpltCallbackCh1	2
../Core/Src/main.c:441:6:HAL_DAC_ConvHalfCpltCallbackCh1	2
../Core/Src/main.c:453:6:HAL_ADC_ConvCpltCallback	2
../Core/Src/main.c:463:6:HAL_ADC_ConvHalfCpltCallback	2
../Core/Src/main.c:480:6:Error_Handler	1
